******************************************************************************
            TI ARM Clang Linker PC v4.0.3                      
******************************************************************************
>> Linked Wed Jun 17 18:25:16 2026

OUTPUT FILE NAME:   <uart_echo_interrupts_standby_LP_MSPM0G3507_nortos_ticlang.out>
ENTRY POINT SYMBOL: "_c_int00_noargs"  address: 00000531


MEMORY CONFIGURATION

         name            origin    length      used     unused   attr    fill
----------------------  --------  ---------  --------  --------  ----  --------
  FLASH                 00000000   00020000  00000628  0001f9d8  R  X
  SRAM                  20200000   00008000  00000201  00007dff  RW X
  BCR_CONFIG            41c00000   000000ff  00000000  000000ff  R   
  BSL_CONFIG            41c00100   00000080  00000000  00000080  R   


SEGMENT ALLOCATION MAP

run origin  load origin   length   init length attrs members
----------  ----------- ---------- ----------- ----- -------
00000000    00000000    00000628   00000628    r-x
  00000000    00000000    000000c0   000000c0    r-- .intvecs
  000000c0    000000c0    00000500   00000500    r-x .text
  000005c0    000005c0    00000050   00000050    r-- .rodata
  00000610    00000610    00000018   00000018    r-- .cinit
20200000    20200000    00000001   00000000    rw-
  20200000    20200000    00000001   00000000    rw- .data
20207e00    20207e00    00000200   00000000    rw-
  20207e00    20207e00    00000200   00000000    rw- .stack


SECTION ALLOCATION MAP

 output                                  attributes/
section   page    origin      length       input sections
--------  ----  ----------  ----------   ----------------
.intvecs   0    00000000    000000c0     
                  00000000    000000c0     startup_mspm0g350x_ticlang.o (.intvecs)

.text      0    000000c0    00000500     
                  000000c0    00000104     ti_msp_dl_config.o (.text.SYSCFG_DL_GPIO_init)
                  000001c4    0000009a     libc.a : memcpy16.S.obj (.text:memcpy)
                  0000025e    00000002     startup_mspm0g350x_ticlang.o (.text.Default_Handler)
                  00000260    0000007c     libc.a : copy_decompress_lzss.c.obj (.text:decompress:lzss)
                  000002dc    00000070     ti_msp_dl_config.o (.text.SYSCFG_DL_UART_0_init)
                  0000034c    00000070     ti_msp_dl_config.o (.text.SYSCFG_DL_UART_2_init)
                  000003bc    0000004c     ti_msp_dl_config.o (.text.SYSCFG_DL_SYSCTL_init)
                  00000408    00000048     driverlib.a : dl_uart.o (.text.DL_UART_init)
                  00000450    00000040     ti_msp_dl_config.o (.text.SYSCFG_DL_initPower)
                  00000490    0000003c     libc.a : autoinit.c.obj (.text:__TI_auto_init_nobinit_nopinit)
                  000004cc    00000034     uart_echo_interrupts_standby.o (.text.UART0_IRQHandler)
                  00000500    00000030     uart_echo_interrupts_standby.o (.text.main)
                  00000530    00000028     libc.a : boot_cortex_m.c.obj (.text:_c_int00_noargs)
                  00000558    00000018     ti_msp_dl_config.o (.text.SYSCFG_DL_init)
                  00000570    00000012     driverlib.a : dl_uart.o (.text.DL_UART_setClockConfig)
                  00000582    00000012     libc.a : copy_decompress_none.c.obj (.text:decompress:none)
                  00000594    0000000a     driverlib.a : dl_common.o (.text.DL_Common_delayCycles)
                  0000059e    00000002     --HOLE-- [fill = 0]
                  000005a0    00000008     libclang_rt.builtins.a : aeabi_memcpy.S.obj (.text.__aeabi_memcpy)
                  000005a8    00000006     libc.a : exit.c.obj (.text:abort)
                  000005ae    00000004     libsysbm.a : hostexit.c.obj (.text.HOSTexit)
                  000005b2    00000004     startup_mspm0g350x_ticlang.o (.text.Reset_Handler)
                  000005b6    00000004     libc.a : pre_init.c.obj (.text._system_pre_init)
                  000005ba    00000006     --HOLE-- [fill = 0]

.cinit     0    00000610    00000018     
                  00000610    00000008     (__TI_handler_table)
                  00000618    00000005     (.cinit..data.load) [load image, compression = lzss]
                  0000061d    00000003     --HOLE-- [fill = 0]
                  00000620    00000008     (__TI_cinit_table)

.rodata    0    000005c0    00000050     
                  000005c0    00000034     ti_msp_dl_config.o (.rodata..L__const.SYSCFG_DL_GPIO_init.unusedPinIndexes)
                  000005f4    0000000a     ti_msp_dl_config.o (.rodata.gUART_0Config)
                  000005fe    0000000a     ti_msp_dl_config.o (.rodata.gUART_2Config)
                  00000608    00000002     ti_msp_dl_config.o (.rodata.gUART_0ClockConfig)
                  0000060a    00000002     ti_msp_dl_config.o (.rodata.gUART_2ClockConfig)
                  0000060c    00000004     --HOLE-- [fill = 0]

.init_array 
*          0    00000000    00000000     UNINITIALIZED

.binit     0    00000000    00000000     

.data      0    20200000    00000001     UNINITIALIZED
                  20200000    00000001     uart_echo_interrupts_standby.o (.data.gEchoData)

.stack     0    20207e00    00000200     UNINITIALIZED
                  20207e00    00000004     libc.a : boot_cortex_m.c.obj (.stack)
                  20207e04    000001fc     --HOLE--

__llvm_prf_cnts 
*          0    20200000    00000000     UNINITIALIZED

__llvm_prf_bits 
*          0    20200000    00000000     UNINITIALIZED

MODULE SUMMARY

       Module                           code   ro data   rw data
       ------                           ----   -------   -------
    .\
       ti_msp_dl_config.o               648    76        0      
       startup_mspm0g350x_ticlang.o     6      192       0      
       uart_echo_interrupts_standby.o   100    0         1      
    +--+--------------------------------+------+---------+---------+
       Total:                           754    268       1      
                                                                
    C:/ti/mspm0_sdk_2_05_01_00/source/ti/driverlib/lib/ticlang/m0p/mspm0g1x0x_g3x0x/driverlib.a
       dl_uart.o                        90     0         0      
       dl_common.o                      10     0         0      
    +--+--------------------------------+------+---------+---------+
       Total:                           100    0         0      
                                                                
    C:\ti\ccs2020\ccs\tools\compiler\ti-cgt-armllvm_4.0.3.LTS\lib\armv6m-ti-none-eabi/c/libc.a
       memcpy16.S.obj                   154    0         0      
       copy_decompress_lzss.c.obj       124    0         0      
       autoinit.c.obj                   60     0         0      
       boot_cortex_m.c.obj              40     0         0      
       copy_decompress_none.c.obj       18     0         0      
       exit.c.obj                       6      0         0      
       pre_init.c.obj                   4      0         0      
    +--+--------------------------------+------+---------+---------+
       Total:                           406    0         0      
                                                                
    C:\ti\ccs2020\ccs\tools\compiler\ti-cgt-armllvm_4.0.3.LTS\lib\armv6m-ti-none-eabi/c/libsysbm.a
       hostexit.c.obj                   4      0         0      
    +--+--------------------------------+------+---------+---------+
       Total:                           4      0         0      
                                                                
    C:\ti\ccs2020\ccs\tools\compiler\ti-cgt-armllvm_4.0.3.LTS\lib\armv6m-ti-none-eabi/libclang_rt.builtins.a
       aeabi_memcpy.S.obj               8      0         0      
    +--+--------------------------------+------+---------+---------+
       Total:                           8      0         0      
                                                                
       Stack:                           0      0         512    
       Linker Generated:                0      21        0      
    +--+--------------------------------+------+---------+---------+
       Grand Total:                     1272   289       513    


LINKER GENERATED COPY TABLES

__TI_cinit_table @ 00000620 records: 1, size/record: 8, table size: 8
	.data: load addr=00000618, load size=00000005 bytes, run addr=20200000, run size=00000001 bytes, compression=lzss


LINKER GENERATED HANDLER TABLE

__TI_handler_table @ 00000610 records: 2, size/record: 4, table size: 8
	index: 0, handler: __TI_decompress_lzss
	index: 1, handler: __TI_decompress_none


GLOBAL SYMBOLS: SORTED ALPHABETICALLY BY Name 

address   name                          
-------   ----                          
0000025f  ADC0_IRQHandler               
0000025f  ADC1_IRQHandler               
0000025f  AES_IRQHandler                
000005ae  C$$EXIT                       
0000025f  CANFD0_IRQHandler             
0000025f  DAC0_IRQHandler               
00000595  DL_Common_delayCycles         
00000409  DL_UART_init                  
00000571  DL_UART_setClockConfig        
0000025f  DMA_IRQHandler                
0000025f  Default_Handler               
0000025f  GROUP0_IRQHandler             
0000025f  GROUP1_IRQHandler             
000005af  HOSTexit                      
0000025f  HardFault_Handler             
0000025f  I2C0_IRQHandler               
0000025f  I2C1_IRQHandler               
0000025f  NMI_Handler                   
0000025f  PendSV_Handler                
0000025f  RTC_IRQHandler                
000005b3  Reset_Handler                 
0000025f  SPI0_IRQHandler               
0000025f  SPI1_IRQHandler               
0000025f  SVC_Handler                   
000000c1  SYSCFG_DL_GPIO_init           
000003bd  SYSCFG_DL_SYSCTL_init         
000002dd  SYSCFG_DL_UART_0_init         
0000034d  SYSCFG_DL_UART_2_init         
00000559  SYSCFG_DL_init                
00000451  SYSCFG_DL_initPower           
0000025f  SysTick_Handler               
0000025f  TIMA0_IRQHandler              
0000025f  TIMA1_IRQHandler              
0000025f  TIMG0_IRQHandler              
0000025f  TIMG12_IRQHandler             
0000025f  TIMG6_IRQHandler              
0000025f  TIMG7_IRQHandler              
0000025f  TIMG8_IRQHandler              
000004cd  UART0_IRQHandler              
0000025f  UART1_IRQHandler              
0000025f  UART2_IRQHandler              
0000025f  UART3_IRQHandler              
20208000  __STACK_END                   
00000200  __STACK_SIZE                  
00000000  __TI_ATRegion0_region_sz      
00000000  __TI_ATRegion0_src_addr       
00000000  __TI_ATRegion0_trg_addr       
00000000  __TI_ATRegion1_region_sz      
00000000  __TI_ATRegion1_src_addr       
00000000  __TI_ATRegion1_trg_addr       
00000000  __TI_ATRegion2_region_sz      
00000000  __TI_ATRegion2_src_addr       
00000000  __TI_ATRegion2_trg_addr       
00000620  __TI_CINIT_Base               
00000628  __TI_CINIT_Limit              
00000628  __TI_CINIT_Warm               
00000610  __TI_Handler_Table_Base       
00000618  __TI_Handler_Table_Limit      
00000491  __TI_auto_init_nobinit_nopinit
00000261  __TI_decompress_lzss          
00000583  __TI_decompress_none          
ffffffff  __TI_pprof_out_hndl           
ffffffff  __TI_prof_data_size           
ffffffff  __TI_prof_data_start          
00000000  __TI_static_base__            
000005a1  __aeabi_memcpy                
000005a1  __aeabi_memcpy4               
000005a1  __aeabi_memcpy8               
ffffffff  __binit__                     
UNDEFED   __mpu_init                    
20207e00  __stack                       
20200000  __start___llvm_prf_bits       
20200000  __start___llvm_prf_cnts       
20200000  __stop___llvm_prf_bits        
20200000  __stop___llvm_prf_cnts        
00000531  _c_int00_noargs               
UNDEFED   _system_post_cinit            
000005b7  _system_pre_init              
000005a9  abort                         
ffffffff  binit                         
20200000  gEchoData                     
00000000  interruptVectors              
00000501  main                          
000001c5  memcpy                        


GLOBAL SYMBOLS: SORTED BY Symbol Address 

address   name                          
-------   ----                          
00000000  __TI_ATRegion0_region_sz      
00000000  __TI_ATRegion0_src_addr       
00000000  __TI_ATRegion0_trg_addr       
00000000  __TI_ATRegion1_region_sz      
00000000  __TI_ATRegion1_src_addr       
00000000  __TI_ATRegion1_trg_addr       
00000000  __TI_ATRegion2_region_sz      
00000000  __TI_ATRegion2_src_addr       
00000000  __TI_ATRegion2_trg_addr       
00000000  __TI_static_base__            
00000000  interruptVectors              
000000c1  SYSCFG_DL_GPIO_init           
000001c5  memcpy                        
00000200  __STACK_SIZE                  
0000025f  ADC0_IRQHandler               
0000025f  ADC1_IRQHandler               
0000025f  AES_IRQHandler                
0000025f  CANFD0_IRQHandler             
0000025f  DAC0_IRQHandler               
0000025f  DMA_IRQHandler                
0000025f  Default_Handler               
0000025f  GROUP0_IRQHandler             
0000025f  GROUP1_IRQHandler             
0000025f  HardFault_Handler             
0000025f  I2C0_IRQHandler               
0000025f  I2C1_IRQHandler               
0000025f  NMI_Handler                   
0000025f  PendSV_Handler                
0000025f  RTC_IRQHandler                
0000025f  SPI0_IRQHandler               
0000025f  SPI1_IRQHandler               
0000025f  SVC_Handler                   
0000025f  SysTick_Handler               
0000025f  TIMA0_IRQHandler              
0000025f  TIMA1_IRQHandler              
0000025f  TIMG0_IRQHandler              
0000025f  TIMG12_IRQHandler             
0000025f  TIMG6_IRQHandler              
0000025f  TIMG7_IRQHandler              
0000025f  TIMG8_IRQHandler              
0000025f  UART1_IRQHandler              
0000025f  UART2_IRQHandler              
0000025f  UART3_IRQHandler              
00000261  __TI_decompress_lzss          
000002dd  SYSCFG_DL_UART_0_init         
0000034d  SYSCFG_DL_UART_2_init         
000003bd  SYSCFG_DL_SYSCTL_init         
00000409  DL_UART_init                  
00000451  SYSCFG_DL_initPower           
00000491  __TI_auto_init_nobinit_nopinit
000004cd  UART0_IRQHandler              
00000501  main                          
00000531  _c_int00_noargs               
00000559  SYSCFG_DL_init                
00000571  DL_UART_setClockConfig        
00000583  __TI_decompress_none          
00000595  DL_Common_delayCycles         
000005a1  __aeabi_memcpy                
000005a1  __aeabi_memcpy4               
000005a1  __aeabi_memcpy8               
000005a9  abort                         
000005ae  C$$EXIT                       
000005af  HOSTexit                      
000005b3  Reset_Handler                 
000005b7  _system_pre_init              
00000610  __TI_Handler_Table_Base       
00000618  __TI_Handler_Table_Limit      
00000620  __TI_CINIT_Base               
00000628  __TI_CINIT_Limit              
00000628  __TI_CINIT_Warm               
20200000  __start___llvm_prf_bits       
20200000  __start___llvm_prf_cnts       
20200000  __stop___llvm_prf_bits        
20200000  __stop___llvm_prf_cnts        
20200000  gEchoData                     
20207e00  __stack                       
20208000  __STACK_END                   
ffffffff  __TI_pprof_out_hndl           
ffffffff  __TI_prof_data_size           
ffffffff  __TI_prof_data_start          
ffffffff  __binit__                     
ffffffff  binit                         
UNDEFED   __mpu_init                    
UNDEFED   _system_post_cinit            

[84 symbols]
